0 verbose cli C:\Program Files\nodejs\node.exe C:\Users\Abhinav Singh\AppData\Roaming\npm\node_modules\npm\bin\npm-cli.js
1 info using npm@10.9.1
2 info using node@v22.16.0
3 silly config load:file:C:\Users\Abhinav Singh\AppData\Roaming\npm\node_modules\npm\npmrc
4 silly config load:file:D:\portfolio\.npmrc
5 silly config load:file:C:\Users\Abhinav Singh\.npmrc
6 silly config load:file:C:\Users\Abhinav Singh\AppData\Roaming\npm\etc\npmrc
7 verbose title npm run build
8 verbose argv "run" "build"
9 verbose logfile logs-max:10 dir:D:\portfolio\.npm-cache\_logs\2026-05-22T09_23_29_678Z-
10 verbose logfile D:\portfolio\.npm-cache\_logs\2026-05-22T09_23_29_678Z-debug-0.log
11 silly logfile done cleaning log files
12 http fetch GET 200 https://registry.npmjs.org/npm 419ms
13 verbose cwd D:\portfolio
14 verbose os Windows_NT 10.0.26200
15 verbose node v22.16.0
16 verbose npm  v10.9.1
17 notice
17 notice New major version of npm available! 10.9.1 -> 11.15.0
17 notice Changelog: https://github.com/npm/cli/releases/tag/v11.15.0
17 notice To update run: npm install -g npm@11.15.0
17 notice  { force: true, [Symbol(proc-log.meta)]: true }
18 verbose exit 0
19 info ok
